[output] Output to be read-from/written-into folder 'chains_with_varying_log_f_esc', with prefix 'run_with_CMB_GW'
[output] Found existing info files with the requested output prefix: 'chains_with_varying_log_f_esc/run_with_CMB_GW'
[output] Let's try to resume/load.
[output] Did not find an old sample. Cleaning up and starting anew.
[mcmc] Getting initial point... (this may take a few seconds)
----
clipy_0.15
Checking likelihood '/Users/users/achatterjee/Data/GW_with_CosmoReionMC/COM_Likelihood_Data-baseline_R3.00/baseline/plc_3.0/low_l/commander/commander_dx12_v3_2_29.clik' on test data. got -11.6257 expected -11.6257 (diff 1.02746e-06)
----
----
clipy_0.15
Checking likelihood '/Users/users/achatterjee/Data/GW_with_CosmoReionMC/COM_Likelihood_Data-baseline_R3.00/baseline/plc_3.0/low_l/simall/simall_100x143_offlike5_EE_Aplanck_B.clik' on test data. got -197.99 expected -197.99 (diff -4.1778e-08)
----
----
clipy_0.15
Checking likelihood '/Users/users/achatterjee/Data/GW_with_CosmoReionMC/COM_Likelihood_Data-baseline_R3.00/baseline/plc_3.0/hi_l/plik_lite/plik_lite_v22_TTTEEE.clik' on test data. got -292.286 expected -292.286 (diff -3.86223e-09)
----
[mcmc] Initial point: hubble:67.2, ombh2:0.0226, omch2:0.117, As:2.1e-09, ns:0.96, f_zero:0.2, log_esc_II:-1.45, lambda0:4.56
[mcmc] Covariance matrix not present. We will start learning the covariance of the proposal earlier: R-1 = 30 (would be 2 if all params loaded).
[mcmc] Sampling!
[mcmc] Progress @ 2026-07-22 19:12:29 : 1 steps taken, and 0 accepted.
[mcmc] Progress @ 2026-07-22 19:17:29 : 390 steps taken, and 25 accepted.
[mcmc] Progress @ 2026-07-22 19:22:29 : 772 steps taken, and 58 accepted.
[mcmc] Progress @ 2026-07-22 19:27:30 : 1154 steps taken, and 76 accepted.
[mcmc] Progress @ 2026-07-22 19:32:30 : 1536 steps taken, and 94 accepted.
[mcmc] Progress @ 2026-07-22 19:37:30 : 1917 steps taken, and 111 accepted.
[mcmc] Progress @ 2026-07-22 19:42:31 : 2301 steps taken, and 137 accepted.
[mcmc] Progress @ 2026-07-22 19:47:31 : 2685 steps taken, and 157 accepted.
[mcmc] Progress @ 2026-07-22 19:52:31 : 3069 steps taken, and 186 accepted.
[mcmc] Progress @ 2026-07-22 19:57:32 : 3453 steps taken, and 213 accepted.
[mcmc] Progress @ 2026-07-22 20:02:32 : 3837 steps taken, and 231 accepted.
[mcmc] Progress @ 2026-07-22 20:07:33 : 4221 steps taken, and 250 accepted.
[mcmc] Progress @ 2026-07-22 20:12:33 : 4607 steps taken, and 271 accepted.
[mcmc] Progress @ 2026-07-22 20:17:34 : 4991 steps taken, and 286 accepted.
[mcmc] Progress @ 2026-07-22 20:22:34 : 5375 steps taken, and 302 accepted.
[mcmc] Learn + convergence test @ 320 samples accepted.
[mcmc]  - Acceptance rate: 0.055
[mcmc]  - Convergence of means: R-1 = 8.396403 after 256 accepted steps
[mcmc]  - Updated covariance matrix of proposal pdf.
[mcmc] Progress @ 2026-07-22 20:27:35 : 5758 steps taken, and 403 accepted.
[mcmc] Progress @ 2026-07-22 20:32:35 : 6141 steps taken, and 566 accepted.
[mcmc] Learn + convergence test @ 640 samples accepted.
[mcmc]  - Acceptance rate: 0.124
[mcmc]  - Convergence of means: R-1 = 13.385679 after 512 accepted steps
[blockedproposer] *ERROR* The given covmat is not a positive-definite, symmetric square matrix.
[mcmc] Progress @ 2026-07-22 20:37:35 : 6524 steps taken, and 743 accepted.
[mcmc] Progress @ 2026-07-22 20:42:36 : 6907 steps taken, and 931 accepted.
[mcmc] Learn + convergence test @ 960 samples accepted.
[mcmc]  - Acceptance rate: 0.199
[mcmc]  - Convergence of means: R-1 = 14.925137 after 768 accepted steps
[blockedproposer] *ERROR* The given covmat is not a positive-definite, symmetric square matrix.
[mcmc] Progress @ 2026-07-22 20:47:36 : 7290 steps taken, and 1121 accepted.
[mcmc] Learn + convergence test @ 1280 samples accepted.
[mcmc]  - Acceptance rate: 0.308
[mcmc]  - Convergence of means: R-1 = 15.774364 after 1024 accepted steps
[blockedproposer] *ERROR* The given covmat is not a positive-definite, symmetric square matrix.
[mcmc] Progress @ 2026-07-22 20:52:36 : 7673 steps taken, and 1288 accepted.
[mcmc] Progress @ 2026-07-22 20:57:37 : 8057 steps taken, and 1466 accepted.
[mcmc] Learn + convergence test @ 1600 samples accepted.
[mcmc]  - Acceptance rate: 0.464
[mcmc]  - Convergence of means: R-1 = 14.161361 after 1280 accepted steps
[blockedproposer] *ERROR* The given covmat is not a positive-definite, symmetric square matrix.
[mcmc] Progress @ 2026-07-22 21:02:38 : 8440 steps taken, and 1636 accepted.
[mcmc] Progress @ 2026-07-22 21:07:38 : 8823 steps taken, and 1804 accepted.
[mcmc] Learn + convergence test @ 1920 samples accepted.
[mcmc]  - Acceptance rate: 0.458
[mcmc]  - Convergence of means: R-1 = 10.840792 after 1536 accepted steps
[blockedproposer] *ERROR* The given covmat is not a positive-definite, symmetric square matrix.
[mcmc] Progress @ 2026-07-22 21:12:38 : 9206 steps taken, and 1985 accepted.
[mcmc] Progress @ 2026-07-22 21:17:39 : 9587 steps taken, and 2163 accepted.
[mcmc] Learn + convergence test @ 2240 samples accepted.
[mcmc]  - Acceptance rate: 0.464
[mcmc]  - Convergence of means: R-1 = 10.513543 after 1792 accepted steps
[mcmc]  - Updated covariance matrix of proposal pdf.
[mcmc] Progress @ 2026-07-22 21:22:39 : 9972 steps taken, and 2328 accepted.
[mcmc] Progress @ 2026-07-22 21:27:39 : 10388 steps taken, and 2475 accepted.
[mcmc] Learn + convergence test @ 2560 samples accepted.
[mcmc]  - Acceptance rate: 0.448
[mcmc]  - Convergence of means: R-1 = 5.892247 after 2048 accepted steps
[blockedproposer] *ERROR* The given covmat is not a positive-definite, symmetric square matrix.
[mcmc] Progress @ 2026-07-22 21:32:40 : 10792 steps taken, and 2640 accepted.
[mcmc] Progress @ 2026-07-22 21:37:40 : 11178 steps taken, and 2781 accepted.
[mcmc] Learn + convergence test @ 2880 samples accepted.
[mcmc]  - Acceptance rate: 0.434
[mcmc]  - Convergence of means: R-1 = 9.063690 after 2304 accepted steps
[blockedproposer] *ERROR* The given covmat is not a positive-definite, symmetric square matrix.
[mcmc] Progress @ 2026-07-22 21:42:40 : 11569 steps taken, and 2915 accepted.
[mcmc] Progress @ 2026-07-22 21:47:40 : 11956 steps taken, and 3054 accepted.
[mcmc] Learn + convergence test @ 3200 samples accepted.
[mcmc]  - Acceptance rate: 0.425
[mcmc]  - Convergence of means: R-1 = 2.373281 after 2560 accepted steps
[mcmc]  - Updated covariance matrix of proposal pdf.
[mcmc] Progress @ 2026-07-22 21:52:40 : 12359 steps taken, and 3211 accepted.
[mcmc] Progress @ 2026-07-22 21:57:40 : 12823 steps taken, and 3359 accepted.
[mcmc] Progress @ 2026-07-22 22:02:41 : 13271 steps taken, and 3499 accepted.
[mcmc] Learn + convergence test @ 3520 samples accepted.
[mcmc]  - Acceptance rate: 0.409
[mcmc]  - Convergence of means: R-1 = 2.165537 after 2816 accepted steps
[mcmc]  - Updated covariance matrix of proposal pdf.
[mcmc] Progress @ 2026-07-22 22:07:41 : 13703 steps taken, and 3651 accepted.
[mcmc] Progress @ 2026-07-22 22:12:41 : 14138 steps taken, and 3778 accepted.
[mcmc] Learn + convergence test @ 3840 samples accepted.
[mcmc]  - Acceptance rate: 0.394
[mcmc]  - Convergence of means: R-1 = 1.290112 after 3072 accepted steps
[blockedproposer] *ERROR* The given covmat is not a positive-definite, symmetric square matrix.
[mcmc] Progress @ 2026-07-22 22:17:42 : 14610 steps taken, and 3917 accepted.
[mcmc] Progress @ 2026-07-22 22:22:42 : 15067 steps taken, and 4045 accepted.
[mcmc] Learn + convergence test @ 4160 samples accepted.
[mcmc]  - Acceptance rate: 0.380
[mcmc]  - Convergence of means: R-1 = 2.002138 after 3328 accepted steps
[blockedproposer] *ERROR* The given covmat is not a positive-definite, symmetric square matrix.
[mcmc] Progress @ 2026-07-22 22:27:43 : 15496 steps taken, and 4162 accepted.
[mcmc] Progress @ 2026-07-22 22:32:43 : 15916 steps taken, and 4290 accepted.
[mcmc] Progress @ 2026-07-22 22:37:44 : 16377 steps taken, and 4409 accepted.
[mcmc] Learn + convergence test @ 4480 samples accepted.
[mcmc]  - Acceptance rate: 0.368
[mcmc]  - Convergence of means: R-1 = 2.306468 after 3584 accepted steps
[blockedproposer] *ERROR* The given covmat is not a positive-definite, symmetric square matrix.
[mcmc] Progress @ 2026-07-22 22:42:44 : 16816 steps taken, and 4556 accepted.
[mcmc] Progress @ 2026-07-22 22:47:44 : 17267 steps taken, and 4689 accepted.
[mcmc] Learn + convergence test @ 4800 samples accepted.
[mcmc]  - Acceptance rate: 0.358
[mcmc]  - Convergence of means: R-1 = 4.115129 after 3840 accepted steps
[mcmc]  - Updated covariance matrix of proposal pdf.
[mcmc] Progress @ 2026-07-22 22:52:44 : 17712 steps taken, and 4801 accepted.
[mcmc] Progress @ 2026-07-22 22:57:45 : 18198 steps taken, and 4920 accepted.
[mcmc] Progress @ 2026-07-22 23:02:45 : 18662 steps taken, and 5026 accepted.
[mcmc] Learn + convergence test @ 5120 samples accepted.
[mcmc]  - Acceptance rate: 0.341
[mcmc]  - Convergence of means: R-1 = 2.946418 after 4096 accepted steps
[mcmc]  - Updated covariance matrix of proposal pdf.
[mcmc] Progress @ 2026-07-22 23:07:45 : 19145 steps taken, and 5139 accepted.
[mcmc] Progress @ 2026-07-22 23:12:46 : 19659 steps taken, and 5265 accepted.
[mcmc] Progress @ 2026-07-22 23:17:47 : 20144 steps taken, and 5398 accepted.
[mcmc] Learn + convergence test @ 5440 samples accepted.
[mcmc]  - Acceptance rate: 0.331
[mcmc]  - Convergence of means: R-1 = 2.193234 after 4352 accepted steps
[mcmc]  - Updated covariance matrix of proposal pdf.
[mcmc] Progress @ 2026-07-22 23:22:47 : 20631 steps taken, and 5497 accepted.
[mcmc] Progress @ 2026-07-22 23:27:47 : 21093 steps taken, and 5612 accepted.
[mcmc] Progress @ 2026-07-22 23:32:48 : 21598 steps taken, and 5720 accepted.
[mcmc] Learn + convergence test @ 5760 samples accepted.
[mcmc]  - Acceptance rate: 0.319
[mcmc]  - Convergence of means: R-1 = 1.605704 after 4608 accepted steps
[mcmc]  - Updated covariance matrix of proposal pdf.
[mcmc] Progress @ 2026-07-22 23:37:48 : 22093 steps taken, and 5800 accepted.
[mcmc] Progress @ 2026-07-22 23:42:48 : 22567 steps taken, and 5916 accepted.
[mcmc] Progress @ 2026-07-22 23:47:48 : 23124 steps taken, and 6000 accepted.
[mcmc] Learn + convergence test @ 6080 samples accepted.
[mcmc]  - Acceptance rate: 0.305
[mcmc]  - Convergence of means: R-1 = 1.859736 after 4864 accepted steps
[mcmc]  - Updated covariance matrix of proposal pdf.
[mcmc] Progress @ 2026-07-22 23:52:48 : 23600 steps taken, and 6109 accepted.
[mcmc] Progress @ 2026-07-22 23:57:49 : 24103 steps taken, and 6213 accepted.
[mcmc] Progress @ 2026-07-23 00:02:50 : 24582 steps taken, and 6310 accepted.
[mcmc] Learn + convergence test @ 6400 samples accepted.
[mcmc]  - Acceptance rate: 0.293
[mcmc]  - Convergence of means: R-1 = 2.467455 after 5120 accepted steps
[blockedproposer] *ERROR* The given covmat is not a positive-definite, symmetric square matrix.
[mcmc] Progress @ 2026-07-23 00:07:50 : 25201 steps taken, and 6410 accepted.
[mcmc] Progress @ 2026-07-23 00:12:50 : 25786 steps taken, and 6502 accepted.
[mcmc] Progress @ 2026-07-23 00:17:51 : 26278 steps taken, and 6599 accepted.
[mcmc] Progress @ 2026-07-23 00:22:51 : 26804 steps taken, and 6684 accepted.
[mcmc] Learn + convergence test @ 6720 samples accepted.
[mcmc]  - Acceptance rate: 0.280
[mcmc]  - Convergence of means: R-1 = 2.053044 after 5376 accepted steps
[blockedproposer] *ERROR* The given covmat is not a positive-definite, symmetric square matrix.
[mcmc] Progress @ 2026-07-23 00:27:51 : 27280 steps taken, and 6793 accepted.
[mcmc] Progress @ 2026-07-23 00:32:52 : 27766 steps taken, and 6880 accepted.
[mcmc] Progress @ 2026-07-23 00:37:52 : 28269 steps taken, and 6971 accepted.
[mcmc] Learn + convergence test @ 7040 samples accepted.
[mcmc]  - Acceptance rate: 0.271
[mcmc]  - Convergence of means: R-1 = 1.969133 after 5632 accepted steps
[mcmc]  - Updated covariance matrix of proposal pdf.
[mcmc] Progress @ 2026-07-23 00:42:53 : 28801 steps taken, and 7058 accepted.
[mcmc] Progress @ 2026-07-23 00:47:53 : 29368 steps taken, and 7152 accepted.
[mcmc] Progress @ 2026-07-23 00:52:54 : 30000 steps taken, and 7245 accepted.
[mcmc] Progress @ 2026-07-23 00:57:55 : 30493 steps taken, and 7321 accepted.
[mcmc] Learn + convergence test @ 7360 samples accepted.
[mcmc]  - Acceptance rate: 0.260
[mcmc]  - Convergence of means: R-1 = 2.401521 after 5888 accepted steps
[mcmc]  - Updated covariance matrix of proposal pdf.
[mcmc] Progress @ 2026-07-23 01:02:55 : 30978 steps taken, and 7419 accepted.
[mcmc] Progress @ 2026-07-23 01:07:55 : 31503 steps taken, and 7492 accepted.
[mcmc] Progress @ 2026-07-23 01:12:56 : 32013 steps taken, and 7605 accepted.
[mcmc] Learn + convergence test @ 7680 samples accepted.
[mcmc]  - Acceptance rate: 0.253
[mcmc]  - Convergence of means: R-1 = 1.609510 after 6144 accepted steps
[blockedproposer] *ERROR* The given covmat is not a positive-definite, symmetric square matrix.
[mcmc] Progress @ 2026-07-23 01:17:56 : 32484 steps taken, and 7682 accepted.
[mcmc] Progress @ 2026-07-23 01:22:57 : 32990 steps taken, and 7731 accepted.
[mcmc] Progress @ 2026-07-23 01:27:57 : 33649 steps taken, and 7771 accepted.
[mcmc] Progress @ 2026-07-23 01:32:58 : 34223 steps taken, and 7827 accepted.
[mcmc] Progress @ 2026-07-23 01:37:59 : 34735 steps taken, and 7915 accepted.
[mcmc] Progress @ 2026-07-23 01:42:59 : 35227 steps taken, and 7991 accepted.
[mcmc] Learn + convergence test @ 8000 samples accepted.
[mcmc]  - Acceptance rate: 0.237
[mcmc]  - Convergence of means: R-1 = 0.874784 after 6400 accepted steps
[mcmc]  - Updated covariance matrix of proposal pdf.
[mcmc] Progress @ 2026-07-23 01:47:59 : 35783 steps taken, and 8069 accepted.
[mcmc] Progress @ 2026-07-23 01:52:59 : 36317 steps taken, and 8153 accepted.
[mcmc] Progress @ 2026-07-23 01:57:59 : 36954 steps taken, and 8212 accepted.
[mcmc] Progress @ 2026-07-23 02:03:00 : 37494 steps taken, and 8294 accepted.
[mcmc] Learn + convergence test @ 8320 samples accepted.
[mcmc]  - Acceptance rate: 0.228
[mcmc]  - Convergence of means: R-1 = 1.002108 after 6656 accepted steps
[blockedproposer] *ERROR* The given covmat is not a positive-definite, symmetric square matrix.
[mcmc] Progress @ 2026-07-23 02:08:00 : 38061 steps taken, and 8376 accepted.
[mcmc] Progress @ 2026-07-23 02:13:01 : 38594 steps taken, and 8462 accepted.
[mcmc] Progress @ 2026-07-23 02:18:02 : 39174 steps taken, and 8551 accepted.
[mcmc] Progress @ 2026-07-23 02:23:02 : 39703 steps taken, and 8611 accepted.
[mcmc] Learn + convergence test @ 8640 samples accepted.
[mcmc]  - Acceptance rate: 0.220
[mcmc]  - Convergence of means: R-1 = 0.928288 after 6912 accepted steps
[mcmc]  - Updated covariance matrix of proposal pdf.
[mcmc] Progress @ 2026-07-23 02:28:02 : 40264 steps taken, and 8669 accepted.
[mcmc] Progress @ 2026-07-23 02:33:03 : 40813 steps taken, and 8725 accepted.
[mcmc] Progress @ 2026-07-23 02:38:04 : 41346 steps taken, and 8814 accepted.
[mcmc] Progress @ 2026-07-23 02:43:04 : 41839 steps taken, and 8903 accepted.
[mcmc] Learn + convergence test @ 8960 samples accepted.
[mcmc]  - Acceptance rate: 0.214
[mcmc]  - Convergence of means: R-1 = 0.970312 after 7168 accepted steps
[mcmc]  - Updated covariance matrix of proposal pdf.
[mcmc] Progress @ 2026-07-23 02:48:04 : 42370 steps taken, and 8978 accepted.
[mcmc] Progress @ 2026-07-23 02:53:05 : 42972 steps taken, and 9065 accepted.
[mcmc] Progress @ 2026-07-23 02:58:05 : 43627 steps taken, and 9155 accepted.
[mcmc] Progress @ 2026-07-23 03:03:06 : 44141 steps taken, and 9254 accepted.
[mcmc] Learn + convergence test @ 9280 samples accepted.
[mcmc]  - Acceptance rate: 0.210
[mcmc]  - Convergence of means: R-1 = 1.076382 after 7424 accepted steps
[blockedproposer] *ERROR* The given covmat is not a positive-definite, symmetric square matrix.
[mcmc] Progress @ 2026-07-23 03:08:06 : 44733 steps taken, and 9341 accepted.
[mcmc] Progress @ 2026-07-23 03:13:07 : 45297 steps taken, and 9414 accepted.
[mcmc] Progress @ 2026-07-23 03:18:07 : 46030 steps taken, and 9490 accepted.
[mcmc] Progress @ 2026-07-23 03:23:07 : 46674 steps taken, and 9576 accepted.
[mcmc] Learn + convergence test @ 9600 samples accepted.
[mcmc]  - Acceptance rate: 0.203
[mcmc]  - Convergence of means: R-1 = 1.104054 after 7680 accepted steps
[blockedproposer] *ERROR* The given covmat is not a positive-definite, symmetric square matrix.
[mcmc] Progress @ 2026-07-23 03:28:07 : 47327 steps taken, and 9656 accepted.
[mcmc] Progress @ 2026-07-23 03:33:08 : 47964 steps taken, and 9746 accepted.
[mcmc] Progress @ 2026-07-23 03:38:08 : 48548 steps taken, and 9838 accepted.
[mcmc] Learn + convergence test @ 9920 samples accepted.
[mcmc]  - Acceptance rate: 0.199
[mcmc]  - Convergence of means: R-1 = 1.062016 after 7936 accepted steps
[blockedproposer] *ERROR* The given covmat is not a positive-definite, symmetric square matrix.
[mcmc] Progress @ 2026-07-23 03:43:09 : 49118 steps taken, and 9928 accepted.
[mcmc] Progress @ 2026-07-23 03:48:09 : 49629 steps taken, and 10014 accepted.
[mcmc] Progress @ 2026-07-23 03:53:09 : 50258 steps taken, and 10097 accepted.
[mcmc] Progress @ 2026-07-23 03:58:09 : 50831 steps taken, and 10189 accepted.
[mcmc] Learn + convergence test @ 10240 samples accepted.
[mcmc]  - Acceptance rate: 0.196
[mcmc]  - Convergence of means: R-1 = 0.931479 after 8192 accepted steps
[blockedproposer] *ERROR* The given covmat is not a positive-definite, symmetric square matrix.
[mcmc] Progress @ 2026-07-23 04:03:10 : 51347 steps taken, and 10285 accepted.
[mcmc] Progress @ 2026-07-23 04:08:10 : 51924 steps taken, and 10383 accepted.
[mcmc] Progress @ 2026-07-23 04:13:10 : 52461 steps taken, and 10464 accepted.
[mcmc] Progress @ 2026-07-23 04:18:11 : 53085 steps taken, and 10548 accepted.
[mcmc] Learn + convergence test @ 10560 samples accepted.
[mcmc]  - Acceptance rate: 0.194
[mcmc]  - Convergence of means: R-1 = 0.843090 after 8448 accepted steps
[mcmc]  - Updated covariance matrix of proposal pdf.
[mcmc] Progress @ 2026-07-23 04:23:11 : 53672 steps taken, and 10620 accepted.
[mcmc] Progress @ 2026-07-23 04:28:12 : 54233 steps taken, and 10696 accepted.
[mcmc] Progress @ 2026-07-23 04:33:12 : 54775 steps taken, and 10776 accepted.
[mcmc] Progress @ 2026-07-23 04:38:13 : 55384 steps taken, and 10853 accepted.
[mcmc] Learn + convergence test @ 10880 samples accepted.
[mcmc]  - Acceptance rate: 0.189
[mcmc]  - Convergence of means: R-1 = 0.743173 after 8704 accepted steps
[blockedproposer] *ERROR* The given covmat is not a positive-definite, symmetric square matrix.
[mcmc] Progress @ 2026-07-23 04:43:13 : 55991 steps taken, and 10945 accepted.
[mcmc] Progress @ 2026-07-23 04:48:14 : 56547 steps taken, and 11025 accepted.
[mcmc] Progress @ 2026-07-23 04:53:14 : 57162 steps taken, and 11114 accepted.
[mcmc] Learn + convergence test @ 11200 samples accepted.
[mcmc]  - Acceptance rate: 0.187
[mcmc]  - Convergence of means: R-1 = 0.802428 after 8960 accepted steps
[blockedproposer] *ERROR* The given covmat is not a positive-definite, symmetric square matrix.
[mcmc] Progress @ 2026-07-23 04:58:15 : 57807 steps taken, and 11215 accepted.
[mcmc] Progress @ 2026-07-23 05:03:15 : 58343 steps taken, and 11290 accepted.
[mcmc] Progress @ 2026-07-23 05:08:16 : 58889 steps taken, and 11379 accepted.
[mcmc] Progress @ 2026-07-23 05:13:16 : 59448 steps taken, and 11463 accepted.
[mcmc] Learn + convergence test @ 11520 samples accepted.
[mcmc]  - Acceptance rate: 0.185
[mcmc]  - Convergence of means: R-1 = 0.675003 after 9216 accepted steps
[mcmc]  - Updated covariance matrix of proposal pdf.
[mcmc] Progress @ 2026-07-23 05:18:16 : 60011 steps taken, and 11538 accepted.
[mcmc] Progress @ 2026-07-23 05:23:16 : 60663 steps taken, and 11622 accepted.
[mcmc] Progress @ 2026-07-23 05:28:17 : 61230 steps taken, and 11695 accepted.
[mcmc] Progress @ 2026-07-23 05:33:17 : 61863 steps taken, and 11772 accepted.
[mcmc] Learn + convergence test @ 11840 samples accepted.
[mcmc]  - Acceptance rate: 0.181
[mcmc]  - Convergence of means: R-1 = 0.571942 after 9472 accepted steps
[blockedproposer] *ERROR* The given covmat is not a positive-definite, symmetric square matrix.
[mcmc] Progress @ 2026-07-23 05:38:18 : 62465 steps taken, and 11864 accepted.
[mcmc] Progress @ 2026-07-23 05:43:18 : 62992 steps taken, and 11941 accepted.
[mcmc] Progress @ 2026-07-23 05:48:18 : 63549 steps taken, and 12027 accepted.
[mcmc] Progress @ 2026-07-23 05:53:19 : 64173 steps taken, and 12103 accepted.
[mcmc] Learn + convergence test @ 12160 samples accepted.
[mcmc]  - Acceptance rate: 0.179
[mcmc]  - Convergence of means: R-1 = 0.474862 after 9728 accepted steps
[mcmc]  - Updated covariance matrix of proposal pdf.
[mcmc] Progress @ 2026-07-23 05:58:19 : 64742 steps taken, and 12172 accepted.
[mcmc] Progress @ 2026-07-23 06:03:20 : 65288 steps taken, and 12243 accepted.
[mcmc] Progress @ 2026-07-23 06:08:20 : 65895 steps taken, and 12267 accepted.
[mcmc] Progress @ 2026-07-23 06:13:20 : 66545 steps taken, and 12293 accepted.
[mcmc] Progress @ 2026-07-23 06:18:21 : 67160 steps taken, and 12383 accepted.
[mcmc] Progress @ 2026-07-23 06:23:21 : 67817 steps taken, and 12479 accepted.
[mcmc] Learn + convergence test @ 12480 samples accepted.
[mcmc]  - Acceptance rate: 0.174
[mcmc]  - Convergence of means: R-1 = 0.359953 after 9984 accepted steps
[blockedproposer] *ERROR* The given covmat is not a positive-definite, symmetric square matrix.
[mcmc] Progress @ 2026-07-23 06:28:21 : 68460 steps taken, and 12556 accepted.
[mcmc] Progress @ 2026-07-23 06:33:22 : 69039 steps taken, and 12636 accepted.
[mcmc] Progress @ 2026-07-23 06:38:23 : 69710 steps taken, and 12722 accepted.
[mcmc] Learn + convergence test @ 12800 samples accepted.
[mcmc]  - Acceptance rate: 0.172
[mcmc]  - Convergence of means: R-1 = 0.389767 after 10240 accepted steps
[blockedproposer] *ERROR* The given covmat is not a positive-definite, symmetric square matrix.
[mcmc] Progress @ 2026-07-23 06:43:23 : 70312 steps taken, and 12802 accepted.
[mcmc] Progress @ 2026-07-23 06:48:24 : 70908 steps taken, and 12890 accepted.
[mcmc] Progress @ 2026-07-23 06:53:24 : 71478 steps taken, and 12967 accepted.
[mcmc] Progress @ 2026-07-23 06:58:24 : 72079 steps taken, and 13033 accepted.
[mcmc] Progress @ 2026-07-23 07:03:24 : 72679 steps taken, and 13105 accepted.
[mcmc] Learn + convergence test @ 13120 samples accepted.
[mcmc]  - Acceptance rate: 0.169
[mcmc]  - Convergence of means: R-1 = 0.426157 after 10496 accepted steps
[mcmc]  - Updated covariance matrix of proposal pdf.
[mcmc] Progress @ 2026-07-23 07:08:25 : 73226 steps taken, and 13174 accepted.
[mcmc] Progress @ 2026-07-23 07:13:25 : 73819 steps taken, and 13245 accepted.
[mcmc] Progress @ 2026-07-23 07:18:26 : 74420 steps taken, and 13332 accepted.
[mcmc] Progress @ 2026-07-23 07:23:26 : 75022 steps taken, and 13433 accepted.
[mcmc] Learn + convergence test @ 13440 samples accepted.
[mcmc]  - Acceptance rate: 0.168
[mcmc]  - Convergence of means: R-1 = 0.439799 after 10752 accepted steps
[blockedproposer] *ERROR* The given covmat is not a positive-definite, symmetric square matrix.
[mcmc] Progress @ 2026-07-23 07:28:27 : 75577 steps taken, and 13532 accepted.
[mcmc] Progress @ 2026-07-23 07:33:27 : 76127 steps taken, and 13627 accepted.
[mcmc] Progress @ 2026-07-23 07:38:28 : 76753 steps taken, and 13709 accepted.
[mcmc] Learn + convergence test @ 13760 samples accepted.
[mcmc]  - Acceptance rate: 0.166
[mcmc]  - Convergence of means: R-1 = 0.397829 after 11008 accepted steps
[mcmc]  - Updated covariance matrix of proposal pdf.
[mcmc] Progress @ 2026-07-23 07:43:28 : 77348 steps taken, and 13770 accepted.
[mcmc] Progress @ 2026-07-23 07:48:29 : 77916 steps taken, and 13848 accepted.
[mcmc] Progress @ 2026-07-23 07:53:29 : 78609 steps taken, and 13930 accepted.
[mcmc] Progress @ 2026-07-23 07:58:29 : 79167 steps taken, and 14011 accepted.
[mcmc] Learn + convergence test @ 14080 samples accepted.
[mcmc]  - Acceptance rate: 0.164
[mcmc]  - Convergence of means: R-1 = 0.411605 after 11264 accepted steps
[mcmc]  - Updated covariance matrix of proposal pdf.
[mcmc] Progress @ 2026-07-23 08:03:30 : 79813 steps taken, and 14083 accepted.
[mcmc] Progress @ 2026-07-23 08:08:30 : 80358 steps taken, and 14160 accepted.
[mcmc] Progress @ 2026-07-23 08:13:30 : 80995 steps taken, and 14235 accepted.
[mcmc] Progress @ 2026-07-23 08:18:31 : 81576 steps taken, and 14314 accepted.
[mcmc] Progress @ 2026-07-23 08:23:31 : 82153 steps taken, and 14389 accepted.
[mcmc] Learn + convergence test @ 14400 samples accepted.
[mcmc]  - Acceptance rate: 0.163
[mcmc]  - Convergence of means: R-1 = 0.423923 after 11520 accepted steps
[mcmc]  - Updated covariance matrix of proposal pdf.
[mcmc] Progress @ 2026-07-23 08:28:31 : 82830 steps taken, and 14451 accepted.
[mcmc] Progress @ 2026-07-23 08:33:32 : 83387 steps taken, and 14527 accepted.
[mcmc] Progress @ 2026-07-23 08:38:32 : 84037 steps taken, and 14612 accepted.
[mcmc] Progress @ 2026-07-23 08:43:33 : 84586 steps taken, and 14685 accepted.
[mcmc] Learn + convergence test @ 14720 samples accepted.
[mcmc]  - Acceptance rate: 0.161
[mcmc]  - Convergence of means: R-1 = 0.444096 after 11776 accepted steps
[blockedproposer] *ERROR* The given covmat is not a positive-definite, symmetric square matrix.
[mcmc] Progress @ 2026-07-23 08:48:33 : 85154 steps taken, and 14773 accepted.
[mcmc] Progress @ 2026-07-23 08:53:33 : 85810 steps taken, and 14873 accepted.
[mcmc] Progress @ 2026-07-23 08:58:33 : 86375 steps taken, and 14947 accepted.
[mcmc] Progress @ 2026-07-23 09:03:33 : 86915 steps taken, and 15031 accepted.
[mcmc] Learn + convergence test @ 15040 samples accepted.
[mcmc]  - Acceptance rate: 0.160
[mcmc]  - Convergence of means: R-1 = 0.421578 after 12032 accepted steps
[blockedproposer] *ERROR* The given covmat is not a positive-definite, symmetric square matrix.
[mcmc] Progress @ 2026-07-23 09:08:34 : 87531 steps taken, and 15104 accepted.
[mcmc] Progress @ 2026-07-23 09:13:34 : 88120 steps taken, and 15178 accepted.
[mcmc] Progress @ 2026-07-23 09:18:34 : 88699 steps taken, and 15264 accepted.
[mcmc] Progress @ 2026-07-23 09:23:35 : 89272 steps taken, and 15339 accepted.
[mcmc] Learn + convergence test @ 15360 samples accepted.
[mcmc]  - Acceptance rate: 0.159
[mcmc]  - Convergence of means: R-1 = 0.351536 after 12288 accepted steps
[mcmc]  - Updated covariance matrix of proposal pdf.
[mcmc] Progress @ 2026-07-23 09:28:35 : 89915 steps taken, and 15434 accepted.
[mcmc] Progress @ 2026-07-23 09:33:35 : 90509 steps taken, and 15527 accepted.
[mcmc] Progress @ 2026-07-23 09:38:36 : 91058 steps taken, and 15598 accepted.
[mcmc] Progress @ 2026-07-23 09:43:36 : 91731 steps taken, and 15668 accepted.
[mcmc] Learn + convergence test @ 15680 samples accepted.
[mcmc]  - Acceptance rate: 0.157
[mcmc]  - Convergence of means: R-1 = 0.344848 after 12544 accepted steps
[mcmc]  - Updated covariance matrix of proposal pdf.
[mcmc] Progress @ 2026-07-23 09:48:37 : 92281 steps taken, and 15696 accepted.
[mcmc] Progress @ 2026-07-23 09:53:37 : 92858 steps taken, and 15777 accepted.
[mcmc] Progress @ 2026-07-23 09:58:37 : 93465 steps taken, and 15836 accepted.
[mcmc] Progress @ 2026-07-23 10:03:38 : 94018 steps taken, and 15875 accepted.
[mcmc] Progress @ 2026-07-23 10:08:38 : 94624 steps taken, and 15957 accepted.
[mcmc] Learn + convergence test @ 16000 samples accepted.
[mcmc]  - Acceptance rate: 0.154
[mcmc]  - Convergence of means: R-1 = 0.224667 after 12800 accepted steps
[mcmc]  - Updated covariance matrix of proposal pdf.
[mcmc] Progress @ 2026-07-23 10:13:39 : 95353 steps taken, and 16020 accepted.
[mcmc] Progress @ 2026-07-23 10:18:39 : 95904 steps taken, and 16111 accepted.
[mcmc] Progress @ 2026-07-23 10:23:39 : 96509 steps taken, and 16187 accepted.
[mcmc] Progress @ 2026-07-23 10:28:40 : 97066 steps taken, and 16276 accepted.
[mcmc] Learn + convergence test @ 16320 samples accepted.
[mcmc]  - Acceptance rate: 0.154
[mcmc]  - Convergence of means: R-1 = 0.143106 after 13056 accepted steps
[mcmc]  - Updated covariance matrix of proposal pdf.
[mcmc] Progress @ 2026-07-23 10:33:40 : 97607 steps taken, and 16368 accepted.
[mcmc] Progress @ 2026-07-23 10:38:40 : 98165 steps taken, and 16456 accepted.
[mcmc] Progress @ 2026-07-23 10:43:40 : 98842 steps taken, and 16540 accepted.
[mcmc] Progress @ 2026-07-23 10:48:40 : 99441 steps taken, and 16618 accepted.
[mcmc] Learn + convergence test @ 16640 samples accepted.
[mcmc]  - Acceptance rate: 0.153
[mcmc]  - Convergence of means: R-1 = 0.145989 after 13312 accepted steps
[blockedproposer] *ERROR* The given covmat is not a positive-definite, symmetric square matrix.
[mcmc] Progress @ 2026-07-23 10:53:40 : 99979 steps taken, and 16703 accepted.
[mcmc] Progress @ 2026-07-23 10:58:41 : 100528 steps taken, and 16778 accepted.
[mcmc] Progress @ 2026-07-23 11:03:41 : 101093 steps taken, and 16850 accepted.
[mcmc] Progress @ 2026-07-23 11:08:42 : 101795 steps taken, and 16929 accepted.
[mcmc] Learn + convergence test @ 16960 samples accepted.
[mcmc]  - Acceptance rate: 0.152
[mcmc]  - Convergence of means: R-1 = 0.151248 after 13568 accepted steps
[blockedproposer] *ERROR* The given covmat is not a positive-definite, symmetric square matrix.
[mcmc] Progress @ 2026-07-23 11:13:42 : 102359 steps taken, and 17011 accepted.
[mcmc] Progress @ 2026-07-23 11:18:43 : 103105 steps taken, and 17079 accepted.
[mcmc] Progress @ 2026-07-23 11:23:44 : 103727 steps taken, and 17168 accepted.
[mcmc] Progress @ 2026-07-23 11:28:44 : 104319 steps taken, and 17235 accepted.
[mcmc] Learn + convergence test @ 17280 samples accepted.
[mcmc]  - Acceptance rate: 0.151
[mcmc]  - Convergence of means: R-1 = 0.136126 after 13824 accepted steps
[mcmc]  - Updated covariance matrix of proposal pdf.
[mcmc] Progress @ 2026-07-23 11:33:44 : 105007 steps taken, and 17331 accepted.
[mcmc] Progress @ 2026-07-23 11:38:45 : 105640 steps taken, and 17419 accepted.
[mcmc] Progress @ 2026-07-23 11:43:45 : 106265 steps taken, and 17502 accepted.
[mcmc] Progress @ 2026-07-23 11:48:46 : 106967 steps taken, and 17596 accepted.
[mcmc] Learn + convergence test @ 17600 samples accepted.
[mcmc]  - Acceptance rate: 0.150
[mcmc]  - Convergence of means: R-1 = 0.121247 after 14080 accepted steps
[mcmc]  - Updated covariance matrix of proposal pdf.
[mcmc] Progress @ 2026-07-23 11:53:46 : 107511 steps taken, and 17687 accepted.
[mcmc] Progress @ 2026-07-23 11:58:47 : 108057 steps taken, and 17757 accepted.
[mcmc] Progress @ 2026-07-23 12:03:48 : 108698 steps taken, and 17799 accepted.
[mcmc] Progress @ 2026-07-23 12:08:48 : 109286 steps taken, and 17879 accepted.
[mcmc] Learn + convergence test @ 17920 samples accepted.
[mcmc]  - Acceptance rate: 0.149
[mcmc]  - Convergence of means: R-1 = 0.083877 after 14336 accepted steps
[blockedproposer] *ERROR* The given covmat is not a positive-definite, symmetric square matrix.
[mcmc] Progress @ 2026-07-23 12:13:48 : 109906 steps taken, and 17971 accepted.
[mcmc] Progress @ 2026-07-23 12:18:49 : 110510 steps taken, and 18069 accepted.
[mcmc] Progress @ 2026-07-23 12:23:49 : 111269 steps taken, and 18143 accepted.
[mcmc] Progress @ 2026-07-23 12:28:49 : 111864 steps taken, and 18230 accepted.
[mcmc] Learn + convergence test @ 18240 samples accepted.
[mcmc]  - Acceptance rate: 0.149
[mcmc]  - Convergence of means: R-1 = 0.070722 after 14592 accepted steps
[blockedproposer] *ERROR* The given covmat is not a positive-definite, symmetric square matrix.
[mcmc] Progress @ 2026-07-23 12:33:49 : 112441 steps taken, and 18317 accepted.
[mcmc] Progress @ 2026-07-23 12:38:49 : 113033 steps taken, and 18408 accepted.
[mcmc] Progress @ 2026-07-23 12:43:50 : 113662 steps taken, and 18492 accepted.
[mcmc] Learn + convergence test @ 18560 samples accepted.
[mcmc]  - Acceptance rate: 0.148
[mcmc]  - Convergence of means: R-1 = 0.057724 after 14848 accepted steps
[blockedproposer] *ERROR* The given covmat is not a positive-definite, symmetric square matrix.
[mcmc] Progress @ 2026-07-23 12:48:50 : 114273 steps taken, and 18588 accepted.
[mcmc] Progress @ 2026-07-23 12:53:50 : 114889 steps taken, and 18681 accepted.
[mcmc] Progress @ 2026-07-23 12:58:51 : 115499 steps taken, and 18767 accepted.
[mcmc] Progress @ 2026-07-23 13:03:51 : 116109 steps taken, and 18855 accepted.
[mcmc] Learn + convergence test @ 18880 samples accepted.
[mcmc]  - Acceptance rate: 0.148
[mcmc]  - Convergence of means: R-1 = 0.061007 after 15104 accepted steps
[mcmc]  - Updated covariance matrix of proposal pdf.
[mcmc] Progress @ 2026-07-23 13:08:52 : 116719 steps taken, and 18940 accepted.
[mcmc] Progress @ 2026-07-23 13:13:52 : 117268 steps taken, and 19029 accepted.
[mcmc] Progress @ 2026-07-23 13:18:53 : 117874 steps taken, and 19114 accepted.
[mcmc] Progress @ 2026-07-23 13:23:53 : 118457 steps taken, and 19197 accepted.
[mcmc] Learn + convergence test @ 19200 samples accepted.
[mcmc]  - Acceptance rate: 0.148
[mcmc]  - Convergence of means: R-1 = 0.060041 after 15360 accepted steps
[mcmc]  - Updated covariance matrix of proposal pdf.
[mcmc] Progress @ 2026-07-23 13:28:54 : 119043 steps taken, and 19295 accepted.
[mcmc] Progress @ 2026-07-23 13:33:54 : 119750 steps taken, and 19337 accepted.
[mcmc] Progress @ 2026-07-23 13:38:54 : 120388 steps taken, and 19417 accepted.
[mcmc] Progress @ 2026-07-23 13:43:55 : 121034 steps taken, and 19503 accepted.
[mcmc] Learn + convergence test @ 19520 samples accepted.
[mcmc]  - Acceptance rate: 0.146
[mcmc]  - Convergence of means: R-1 = 0.076533 after 15616 accepted steps
[blockedproposer] *ERROR* The given covmat is not a positive-definite, symmetric square matrix.
[mcmc] Progress @ 2026-07-23 13:48:55 : 121648 steps taken, and 19588 accepted.
[mcmc] Progress @ 2026-07-23 13:53:56 : 122331 steps taken, and 19664 accepted.
[mcmc] Progress @ 2026-07-23 13:58:56 : 122927 steps taken, and 19748 accepted.
[mcmc] Progress @ 2026-07-23 14:03:56 : 123525 steps taken, and 19818 accepted.
[mcmc] Learn + convergence test @ 19840 samples accepted.
[mcmc]  - Acceptance rate: 0.146
[mcmc]  - Convergence of means: R-1 = 0.069796 after 15872 accepted steps
[mcmc]  - Updated covariance matrix of proposal pdf.
[mcmc] Progress @ 2026-07-23 14:08:56 : 124100 steps taken, and 19903 accepted.
[mcmc] Progress @ 2026-07-23 14:13:57 : 124778 steps taken, and 19960 accepted.
[mcmc] Progress @ 2026-07-23 14:18:57 : 125405 steps taken, and 20047 accepted.
[mcmc] Progress @ 2026-07-23 14:23:57 : 125982 steps taken, and 20131 accepted.
[mcmc] Learn + convergence test @ 20160 samples accepted.
[mcmc]  - Acceptance rate: 0.145
[mcmc]  - Convergence of means: R-1 = 0.080729 after 16128 accepted steps
[mcmc]  - Updated covariance matrix of proposal pdf.
[mcmc] Progress @ 2026-07-23 14:28:58 : 126710 steps taken, and 20179 accepted.
[mcmc] Progress @ 2026-07-23 14:33:58 : 127324 steps taken, and 20258 accepted.
[mcmc] Progress @ 2026-07-23 14:38:58 : 127900 steps taken, and 20354 accepted.
[mcmc] Progress @ 2026-07-23 14:43:59 : 128502 steps taken, and 20453 accepted.
[mcmc] Learn + convergence test @ 20480 samples accepted.
[mcmc]  - Acceptance rate: 0.144
[mcmc]  - Convergence of means: R-1 = 0.064943 after 16384 accepted steps
[blockedproposer] *ERROR* The given covmat is not a positive-definite, symmetric square matrix.
[mcmc] Progress @ 2026-07-23 14:48:59 : 129054 steps taken, and 20552 accepted.
[mcmc] Progress @ 2026-07-23 14:54:00 : 129669 steps taken, and 20651 accepted.
[mcmc] Progress @ 2026-07-23 14:59:00 : 130309 steps taken, and 20718 accepted.
[mcmc] Learn + convergence test @ 20800 samples accepted.
[mcmc]  - Acceptance rate: 0.144
[mcmc]  - Convergence of means: R-1 = 0.060655 after 16640 accepted steps
[blockedproposer] *ERROR* The given covmat is not a positive-definite, symmetric square matrix.
[mcmc] Progress @ 2026-07-23 15:04:00 : 130903 steps taken, and 20800 accepted.
[mcmc] Progress @ 2026-07-23 15:09:00 : 131540 steps taken, and 20887 accepted.
[mcmc] Progress @ 2026-07-23 15:14:00 : 132101 steps taken, and 20973 accepted.
[mcmc] Progress @ 2026-07-23 15:19:00 : 132685 steps taken, and 21060 accepted.
[mcmc] Learn + convergence test @ 21120 samples accepted.
[mcmc]  - Acceptance rate: 0.144
[mcmc]  - Convergence of means: R-1 = 0.062039 after 16896 accepted steps
[blockedproposer] *ERROR* The given covmat is not a positive-definite, symmetric square matrix.
[mcmc] Progress @ 2026-07-23 15:24:01 : 133286 steps taken, and 21143 accepted.
[mcmc] Progress @ 2026-07-23 15:29:01 : 133903 steps taken, and 21229 accepted.
[mcmc] Progress @ 2026-07-23 15:34:02 : 134474 steps taken, and 21328 accepted.
[mcmc] Progress @ 2026-07-23 15:39:02 : 135046 steps taken, and 21395 accepted.
[mcmc] Learn + convergence test @ 21440 samples accepted.
[mcmc]  - Acceptance rate: 0.144
[mcmc]  - Convergence of means: R-1 = 0.053760 after 17152 accepted steps
[blockedproposer] *ERROR* The given covmat is not a positive-definite, symmetric square matrix.
[mcmc] Progress @ 2026-07-23 15:44:03 : 135663 steps taken, and 21477 accepted.
[mcmc] Progress @ 2026-07-23 15:49:03 : 136262 steps taken, and 21565 accepted.
[mcmc] Progress @ 2026-07-23 15:54:04 : 136906 steps taken, and 21650 accepted.
[mcmc] Progress @ 2026-07-23 15:59:04 : 137565 steps taken, and 21716 accepted.
[mcmc] Learn + convergence test @ 21760 samples accepted.
[mcmc]  - Acceptance rate: 0.143
[mcmc]  - Convergence of means: R-1 = 0.067549 after 17408 accepted steps
[mcmc]  - Updated covariance matrix of proposal pdf.
[mcmc] Progress @ 2026-07-23 16:04:05 : 138232 steps taken, and 21799 accepted.
[mcmc] Progress @ 2026-07-23 16:09:05 : 138960 steps taken, and 21865 accepted.
[mcmc] Progress @ 2026-07-23 16:14:05 : 139594 steps taken, and 21907 accepted.
[mcmc] Progress @ 2026-07-23 16:19:06 : 140227 steps taken, and 21972 accepted.
[mcmc] Progress @ 2026-07-23 16:24:06 : 140801 steps taken, and 22044 accepted.
[mcmc] Learn + convergence test @ 22080 samples accepted.
[mcmc]  - Acceptance rate: 0.142
[mcmc]  - Convergence of means: R-1 = 0.077276 after 17664 accepted steps
[blockedproposer] *ERROR* The given covmat is not a positive-definite, symmetric square matrix.
[mcmc] Progress @ 2026-07-23 16:29:06 : 141330 steps taken, and 22117 accepted.
[mcmc] Progress @ 2026-07-23 16:34:06 : 141999 steps taken, and 22195 accepted.
[mcmc] Progress @ 2026-07-23 16:39:07 : 142599 steps taken, and 22275 accepted.
[mcmc] Progress @ 2026-07-23 16:44:07 : 143175 steps taken, and 22335 accepted.
[mcmc] Learn + convergence test @ 22400 samples accepted.
[mcmc]  - Acceptance rate: 0.141
[mcmc]  - Convergence of means: R-1 = 0.074529 after 17920 accepted steps
[blockedproposer] *ERROR* The given covmat is not a positive-definite, symmetric square matrix.
[mcmc] Progress @ 2026-07-23 16:49:07 : 143751 steps taken, and 22439 accepted.
[mcmc] Progress @ 2026-07-23 16:54:07 : 144437 steps taken, and 22526 accepted.
[mcmc] Progress @ 2026-07-23 16:59:07 : 145057 steps taken, and 22624 accepted.
[mcmc] Progress @ 2026-07-23 17:04:07 : 145614 steps taken, and 22715 accepted.
[mcmc] Learn + convergence test @ 22720 samples accepted.
[mcmc]  - Acceptance rate: 0.141
[mcmc]  - Convergence of means: R-1 = 0.070861 after 18176 accepted steps
[mcmc]  - Updated covariance matrix of proposal pdf.
[mcmc] Progress @ 2026-07-23 17:09:08 : 146247 steps taken, and 22803 accepted.
[mcmc] Progress @ 2026-07-23 17:14:08 : 147024 steps taken, and 22855 accepted.
[mcmc] Progress @ 2026-07-23 17:19:09 : 147716 steps taken, and 22956 accepted.
[mcmc] Progress @ 2026-07-23 17:24:09 : 148415 steps taken, and 23038 accepted.
[mcmc] Learn + convergence test @ 23040 samples accepted.
[mcmc]  - Acceptance rate: 0.140
[mcmc]  - Convergence of means: R-1 = 0.062609 after 18432 accepted steps
[mcmc]  - Updated covariance matrix of proposal pdf.
[mcmc] Progress @ 2026-07-23 17:29:09 : 149016 steps taken, and 23108 accepted.
[mcmc] Progress @ 2026-07-23 17:34:10 : 149615 steps taken, and 23173 accepted.
[mcmc] Progress @ 2026-07-23 17:39:10 : 150250 steps taken, and 23258 accepted.
[mcmc] Progress @ 2026-07-23 17:44:10 : 150853 steps taken, and 23314 accepted.
[mcmc] Learn + convergence test @ 23360 samples accepted.
[mcmc]  - Acceptance rate: 0.140
[mcmc]  - Convergence of means: R-1 = 0.054978 after 18688 accepted steps
[blockedproposer] *ERROR* The given covmat is not a positive-definite, symmetric square matrix.
[mcmc] Progress @ 2026-07-23 17:49:11 : 151487 steps taken, and 23384 accepted.
[mcmc] Progress @ 2026-07-23 17:54:11 : 152032 steps taken, and 23458 accepted.
[mcmc] Progress @ 2026-07-23 17:59:12 : 152585 steps taken, and 23539 accepted.
[mcmc] Progress @ 2026-07-23 18:04:12 : 153190 steps taken, and 23616 accepted.
[mcmc] Learn + convergence test @ 23680 samples accepted.
[mcmc]  - Acceptance rate: 0.139
[mcmc]  - Convergence of means: R-1 = 0.043882 after 18944 accepted steps
[mcmc]  - Updated covariance matrix of proposal pdf.
[mcmc] Progress @ 2026-07-23 18:09:12 : 153787 steps taken, and 23691 accepted.
[mcmc] Progress @ 2026-07-23 18:14:12 : 154353 steps taken, and 23779 accepted.
[mcmc] Progress @ 2026-07-23 18:19:12 : 155025 steps taken, and 23854 accepted.
[mcmc] Progress @ 2026-07-23 18:24:13 : 155684 steps taken, and 23889 accepted.
[mcmc] Progress @ 2026-07-23 18:29:13 : 156333 steps taken, and 23945 accepted.
[mcmc] Learn + convergence test @ 24000 samples accepted.
[mcmc]  - Acceptance rate: 0.138
[mcmc]  - Convergence of means: R-1 = 0.039626 after 19200 accepted steps
[blockedproposer] *ERROR* The given covmat is not a positive-definite, symmetric square matrix.
[mcmc] Progress @ 2026-07-23 18:34:14 : 156949 steps taken, and 24016 accepted.
[mcmc] Progress @ 2026-07-23 18:39:14 : 157542 steps taken, and 24117 accepted.
[mcmc] Progress @ 2026-07-23 18:44:14 : 158130 steps taken, and 24170 accepted.
[mcmc] Progress @ 2026-07-23 18:49:15 : 158755 steps taken, and 24260 accepted.
[mcmc] Learn + convergence test @ 24320 samples accepted.
[mcmc]  - Acceptance rate: 0.138
[mcmc]  - Convergence of means: R-1 = 0.033857 after 19456 accepted steps
[blockedproposer] *ERROR* The given covmat is not a positive-definite, symmetric square matrix.
[mcmc] Progress @ 2026-07-23 18:54:15 : 159424 steps taken, and 24344 accepted.
[mcmc] Progress @ 2026-07-23 18:59:16 : 160085 steps taken, and 24418 accepted.
[mcmc] Progress @ 2026-07-23 19:04:17 : 160696 steps taken, and 24488 accepted.
[mcmc] Progress @ 2026-07-23 19:09:17 : 161242 steps taken, and 24550 accepted.
[mcmc] Progress @ 2026-07-23 19:14:17 : 161850 steps taken, and 24609 accepted.
[mcmc] Learn + convergence test @ 24640 samples accepted.
[mcmc]  - Acceptance rate: 0.137
[mcmc]  - Convergence of means: R-1 = 0.029833 after 19712 accepted steps
[blockedproposer] *ERROR* The given covmat is not a positive-definite, symmetric square matrix.
[mcmc] Progress @ 2026-07-23 19:19:18 : 162471 steps taken, and 24676 accepted.
[mcmc] Progress @ 2026-07-23 19:24:18 : 163079 steps taken, and 24747 accepted.
[mcmc] Progress @ 2026-07-23 19:29:19 : 163696 steps taken, and 24840 accepted.
[mcmc] Progress @ 2026-07-23 19:34:19 : 164264 steps taken, and 24913 accepted.
[mcmc] Learn + convergence test @ 24960 samples accepted.
[mcmc]  - Acceptance rate: 0.137
[mcmc]  - Convergence of means: R-1 = 0.028774 after 19968 accepted steps
[mcmc]  - Updated covariance matrix of proposal pdf.
[mcmc] Progress @ 2026-07-23 19:39:19 : 164954 steps taken, and 25004 accepted.
[mcmc] Progress @ 2026-07-23 19:44:20 : 165608 steps taken, and 25086 accepted.
[mcmc] Progress @ 2026-07-23 19:49:20 : 166408 steps taken, and 25116 accepted.
[mcmc] Progress @ 2026-07-23 19:54:21 : 167054 steps taken, and 25154 accepted.
[mcmc] Progress @ 2026-07-23 19:59:21 : 167668 steps taken, and 25233 accepted.
[mcmc] Learn + convergence test @ 25280 samples accepted.
[mcmc]  - Acceptance rate: 0.135
[mcmc]  - Convergence of means: R-1 = 0.029053 after 20224 accepted steps
[mcmc]  - Updated covariance matrix of proposal pdf.
[mcmc] Progress @ 2026-07-23 20:04:21 : 168310 steps taken, and 25305 accepted.
[mcmc] Progress @ 2026-07-23 20:09:22 : 168900 steps taken, and 25380 accepted.
[mcmc] Progress @ 2026-07-23 20:14:22 : 169484 steps taken, and 25461 accepted.
[mcmc] Progress @ 2026-07-23 20:19:22 : 170161 steps taken, and 25490 accepted.
[mcmc] Progress @ 2026-07-23 20:24:22 : 170812 steps taken, and 25517 accepted.
[mcmc] Progress @ 2026-07-23 20:29:22 : 171410 steps taken, and 25587 accepted.
[mcmc] Learn + convergence test @ 25600 samples accepted.
[mcmc]  - Acceptance rate: 0.134
[mcmc]  - Convergence of means: R-1 = 0.040371 after 20480 accepted steps
[mcmc]  - Updated covariance matrix of proposal pdf.
[mcmc] Progress @ 2026-07-23 20:34:23 : 172014 steps taken, and 25669 accepted.
[mcmc] Progress @ 2026-07-23 20:39:23 : 172692 steps taken, and 25755 accepted.
[mcmc] Progress @ 2026-07-23 20:44:24 : 173306 steps taken, and 25801 accepted.
[mcmc] Progress @ 2026-07-23 20:49:25 : 174028 steps taken, and 25875 accepted.
[mcmc] Learn + convergence test @ 25920 samples accepted.
[mcmc]  - Acceptance rate: 0.134
[mcmc]  - Convergence of means: R-1 = 0.040533 after 20736 accepted steps
[mcmc]  - Updated covariance matrix of proposal pdf.
[mcmc] Progress @ 2026-07-23 20:54:25 : 174676 steps taken, and 25958 accepted.
[mcmc] Progress @ 2026-07-23 20:59:26 : 175346 steps taken, and 26029 accepted.
[mcmc] Progress @ 2026-07-23 21:04:26 : 175900 steps taken, and 26123 accepted.
[mcmc] Progress @ 2026-07-23 21:09:27 : 176576 steps taken, and 26193 accepted.
[mcmc] Learn + convergence test @ 26240 samples accepted.
[mcmc]  - Acceptance rate: 0.133
[mcmc]  - Convergence of means: R-1 = 0.040574 after 20992 accepted steps
[blockedproposer] *ERROR* The given covmat is not a positive-definite, symmetric square matrix.
[mcmc] Progress @ 2026-07-23 21:14:27 : 177167 steps taken, and 26272 accepted.
[mcmc] Progress @ 2026-07-23 21:19:27 : 177825 steps taken, and 26323 accepted.
[mcmc] Progress @ 2026-07-23 21:24:27 : 178492 steps taken, and 26376 accepted.
[mcmc] Progress @ 2026-07-23 21:29:27 : 179219 steps taken, and 26457 accepted.
[mcmc] Progress @ 2026-07-23 21:34:28 : 179858 steps taken, and 26535 accepted.
[mcmc] Learn + convergence test @ 26560 samples accepted.
[mcmc]  - Acceptance rate: 0.132
[mcmc]  - Convergence of means: R-1 = 0.058015 after 21248 accepted steps
[mcmc]  - Updated covariance matrix of proposal pdf.
[mcmc] Progress @ 2026-07-23 21:39:28 : 180607 steps taken, and 26571 accepted.
[mcmc] Progress @ 2026-07-23 21:44:29 : 181213 steps taken, and 26657 accepted.
[mcmc] Progress @ 2026-07-23 21:49:29 : 181869 steps taken, and 26737 accepted.
[mcmc] Progress @ 2026-07-23 21:54:30 : 182422 steps taken, and 26820 accepted.
[mcmc] Learn + convergence test @ 26880 samples accepted.
[mcmc]  - Acceptance rate: 0.132
[mcmc]  - Convergence of means: R-1 = 0.053545 after 21504 accepted steps
[mcmc]  - Updated covariance matrix of proposal pdf.
[mcmc] Progress @ 2026-07-23 21:59:30 : 183010 steps taken, and 26898 accepted.
[mcmc] Progress @ 2026-07-23 22:04:31 : 183585 steps taken, and 26962 accepted.
[mcmc] Progress @ 2026-07-23 22:09:31 : 184155 steps taken, and 27044 accepted.
[mcmc] Progress @ 2026-07-23 22:14:32 : 184828 steps taken, and 27138 accepted.
[mcmc] Learn + convergence test @ 27200 samples accepted.
[mcmc]  - Acceptance rate: 0.132
[mcmc]  - Convergence of means: R-1 = 0.049463 after 21760 accepted steps
[mcmc]  - Updated covariance matrix of proposal pdf.
[mcmc] Progress @ 2026-07-23 22:19:32 : 185468 steps taken, and 27226 accepted.
[mcmc] Progress @ 2026-07-23 22:24:32 : 186024 steps taken, and 27294 accepted.
[mcmc] Progress @ 2026-07-23 22:29:33 : 186653 steps taken, and 27385 accepted.
[mcmc] Progress @ 2026-07-23 22:34:33 : 187335 steps taken, and 27481 accepted.
[mcmc] Learn + convergence test @ 27520 samples accepted.
[mcmc]  - Acceptance rate: 0.132
[mcmc]  - Convergence of means: R-1 = 0.031159 after 22016 accepted steps
[blockedproposer] *ERROR* The given covmat is not a positive-definite, symmetric square matrix.
[mcmc] Progress @ 2026-07-23 22:39:33 : 187932 steps taken, and 27561 accepted.
[mcmc] Progress @ 2026-07-23 22:44:34 : 188726 steps taken, and 27630 accepted.
[mcmc] Progress @ 2026-07-23 22:49:34 : 189394 steps taken, and 27709 accepted.
[mcmc] Progress @ 2026-07-23 22:54:35 : 189966 steps taken, and 27794 accepted.
[mcmc] Learn + convergence test @ 27840 samples accepted.
[mcmc]  - Acceptance rate: 0.131
[mcmc]  - Convergence of means: R-1 = 0.027864 after 22272 accepted steps
[mcmc]  - Updated covariance matrix of proposal pdf.
[mcmc] Progress @ 2026-07-23 22:59:35 : 190630 steps taken, and 27877 accepted.
[mcmc] Progress @ 2026-07-23 23:04:35 : 191266 steps taken, and 27951 accepted.
[mcmc] Progress @ 2026-07-23 23:09:36 : 191905 steps taken, and 28031 accepted.
[mcmc] Progress @ 2026-07-23 23:14:37 : 192525 steps taken, and 28122 accepted.
[mcmc] Learn + convergence test @ 28160 samples accepted.
[mcmc]  - Acceptance rate: 0.131
[mcmc]  - Convergence of means: R-1 = 0.028429 after 22528 accepted steps
[blockedproposer] *ERROR* The given covmat is not a positive-definite, symmetric square matrix.
[mcmc] Progress @ 2026-07-23 23:19:37 : 193110 steps taken, and 28201 accepted.
[mcmc] Progress @ 2026-07-23 23:24:38 : 193745 steps taken, and 28299 accepted.
[mcmc] Progress @ 2026-07-23 23:29:38 : 194392 steps taken, and 28391 accepted.
[mcmc] Progress @ 2026-07-23 23:34:38 : 195084 steps taken, and 28452 accepted.
[mcmc] Learn + convergence test @ 28480 samples accepted.
[mcmc]  - Acceptance rate: 0.131
[mcmc]  - Convergence of means: R-1 = 0.029283 after 22784 accepted steps
[mcmc]  - Updated covariance matrix of proposal pdf.
[mcmc] Progress @ 2026-07-23 23:39:38 : 195778 steps taken, and 28545 accepted.
[mcmc] Progress @ 2026-07-23 23:44:39 : 196399 steps taken, and 28635 accepted.
[mcmc] Progress @ 2026-07-23 23:49:40 : 197010 steps taken, and 28727 accepted.
[mcmc] Learn + convergence test @ 28800 samples accepted.
[mcmc]  - Acceptance rate: 0.131
[mcmc]  - Convergence of means: R-1 = 0.026481 after 23040 accepted steps
[blockedproposer] *ERROR* The given covmat is not a positive-definite, symmetric square matrix.
[mcmc] Progress @ 2026-07-23 23:54:40 : 197677 steps taken, and 28813 accepted.
[mcmc] Progress @ 2026-07-23 23:59:40 : 198295 steps taken, and 28874 accepted.
[mcmc] Progress @ 2026-07-24 00:04:41 : 198892 steps taken, and 28966 accepted.
[mcmc] Progress @ 2026-07-24 00:09:41 : 199455 steps taken, and 29053 accepted.
[mcmc] Learn + convergence test @ 29120 samples accepted.
[mcmc]  - Acceptance rate: 0.131
[mcmc]  - Convergence of means: R-1 = 0.029061 after 23296 accepted steps
[blockedproposer] *ERROR* The given covmat is not a positive-definite, symmetric square matrix.
[mcmc] Progress @ 2026-07-24 00:14:41 : 200109 steps taken, and 29133 accepted.
[mcmc] Progress @ 2026-07-24 00:19:42 : 200711 steps taken, and 29217 accepted.
[mcmc] Progress @ 2026-07-24 00:24:42 : 201388 steps taken, and 29300 accepted.
[mcmc] Progress @ 2026-07-24 00:29:42 : 202113 steps taken, and 29387 accepted.
[mcmc] Learn + convergence test @ 29440 samples accepted.
[mcmc]  - Acceptance rate: 0.131
[mcmc]  - Convergence of means: R-1 = 0.025592 after 23552 accepted steps
[blockedproposer] *ERROR* The given covmat is not a positive-definite, symmetric square matrix.
[mcmc] Progress @ 2026-07-24 00:34:42 : 202722 steps taken, and 29445 accepted.
[mcmc] Progress @ 2026-07-24 00:39:43 : 203347 steps taken, and 29521 accepted.
[mcmc] Progress @ 2026-07-24 00:44:43 : 203964 steps taken, and 29615 accepted.
[mcmc] Progress @ 2026-07-24 00:49:43 : 204615 steps taken, and 29698 accepted.
[mcmc] Learn + convergence test @ 29760 samples accepted.
[mcmc]  - Acceptance rate: 0.131
[mcmc]  - Convergence of means: R-1 = 0.022081 after 23808 accepted steps
[blockedproposer] *ERROR* The given covmat is not a positive-definite, symmetric square matrix.
[mcmc] Progress @ 2026-07-24 00:54:43 : 205317 steps taken, and 29783 accepted.
[mcmc] Progress @ 2026-07-24 00:59:44 : 205936 steps taken, and 29853 accepted.
[mcmc] Progress @ 2026-07-24 01:04:44 : 206602 steps taken, and 29932 accepted.
[mcmc] Progress @ 2026-07-24 01:09:45 : 207177 steps taken, and 30016 accepted.
[mcmc] Learn + convergence test @ 30080 samples accepted.
[mcmc]  - Acceptance rate: 0.131
[mcmc]  - Convergence of means: R-1 = 0.022293 after 24064 accepted steps
[mcmc]  - Updated covariance matrix of proposal pdf.
[mcmc] Progress @ 2026-07-24 01:14:45 : 207760 steps taken, and 30112 accepted.
[mcmc] Progress @ 2026-07-24 01:19:46 : 208361 steps taken, and 30180 accepted.
[mcmc] Progress @ 2026-07-24 01:24:46 : 208991 steps taken, and 30246 accepted.
[mcmc] Progress @ 2026-07-24 01:29:47 : 209651 steps taken, and 30324 accepted.
[mcmc] Learn + convergence test @ 30400 samples accepted.
[mcmc]  - Acceptance rate: 0.130
[mcmc]  - Convergence of means: R-1 = 0.028131 after 24320 accepted steps
[mcmc]  - Updated covariance matrix of proposal pdf.
[mcmc] Progress @ 2026-07-24 01:34:47 : 210247 steps taken, and 30412 accepted.
[mcmc] Progress @ 2026-07-24 01:39:48 : 210791 steps taken, and 30497 accepted.
[mcmc] Progress @ 2026-07-24 01:44:48 : 211572 steps taken, and 30569 accepted.
[mcmc] Progress @ 2026-07-24 01:49:48 : 212230 steps taken, and 30663 accepted.
[mcmc] Learn + convergence test @ 30720 samples accepted.
[mcmc]  - Acceptance rate: 0.130
[mcmc]  - Convergence of means: R-1 = 0.021901 after 24576 accepted steps
[mcmc]  - Updated covariance matrix of proposal pdf.
[mcmc] Progress @ 2026-07-24 01:54:48 : 212815 steps taken, and 30740 accepted.
[mcmc] Progress @ 2026-07-24 01:59:49 : 213428 steps taken, and 30820 accepted.
[mcmc] Progress @ 2026-07-24 02:04:50 : 214157 steps taken, and 30882 accepted.
[mcmc] Progress @ 2026-07-24 02:09:50 : 214826 steps taken, and 30921 accepted.
[mcmc] Progress @ 2026-07-24 02:14:50 : 215493 steps taken, and 31012 accepted.
[mcmc] Learn + convergence test @ 31040 samples accepted.
[mcmc]  - Acceptance rate: 0.130
[mcmc]  - Convergence of means: R-1 = 0.020142 after 24832 accepted steps
[blockedproposer] *ERROR* The given covmat is not a positive-definite, symmetric square matrix.
[mcmc] Progress @ 2026-07-24 02:19:51 : 216080 steps taken, and 31098 accepted.
[mcmc] Progress @ 2026-07-24 02:24:52 : 216649 steps taken, and 31179 accepted.
[mcmc] Progress @ 2026-07-24 02:29:52 : 217241 steps taken, and 31263 accepted.
[mcmc] Progress @ 2026-07-24 02:34:52 : 217838 steps taken, and 31346 accepted.
[mcmc] Learn + convergence test @ 31360 samples accepted.
[mcmc]  - Acceptance rate: 0.130
[mcmc]  - Convergence of means: R-1 = 0.020914 after 25088 accepted steps
[mcmc]  - Updated covariance matrix of proposal pdf.
[mcmc] Progress @ 2026-07-24 02:39:53 : 218474 steps taken, and 31445 accepted.
[mcmc] Progress @ 2026-07-24 02:44:54 : 219085 steps taken, and 31535 accepted.
[mcmc] Progress @ 2026-07-24 02:49:54 : 219655 steps taken, and 31623 accepted.
[mcmc] Learn + convergence test @ 31680 samples accepted.
[mcmc]  - Acceptance rate: 0.130
[mcmc]  - Convergence of means: R-1 = 0.027852 after 25344 accepted steps
[mcmc]  - Updated covariance matrix of proposal pdf.
[mcmc] Progress @ 2026-07-24 02:54:54 : 220298 steps taken, and 31705 accepted.
[mcmc] Progress @ 2026-07-24 02:59:55 : 220874 steps taken, and 31791 accepted.
[mcmc] Progress @ 2026-07-24 03:04:55 : 221449 steps taken, and 31862 accepted.
[mcmc] Progress @ 2026-07-24 03:09:56 : 222074 steps taken, and 31935 accepted.
[mcmc] Learn + convergence test @ 32000 samples accepted.
[mcmc]  - Acceptance rate: 0.130
[mcmc]  - Convergence of means: R-1 = 0.047135 after 25600 accepted steps
[blockedproposer] *ERROR* The given covmat is not a positive-definite, symmetric square matrix.
[mcmc] Progress @ 2026-07-24 03:14:56 : 222676 steps taken, and 32017 accepted.
[mcmc] Progress @ 2026-07-24 03:19:56 : 223254 steps taken, and 32107 accepted.
[mcmc] Progress @ 2026-07-24 03:24:56 : 223864 steps taken, and 32185 accepted.
[mcmc] Progress @ 2026-07-24 03:29:57 : 224497 steps taken, and 32263 accepted.
[mcmc] Learn + convergence test @ 32320 samples accepted.
[mcmc]  - Acceptance rate: 0.130
[mcmc]  - Convergence of means: R-1 = 0.036126 after 25856 accepted steps
[mcmc]  - Updated covariance matrix of proposal pdf.
[mcmc] Progress @ 2026-07-24 03:34:57 : 225291 steps taken, and 32334 accepted.
[mcmc] Progress @ 2026-07-24 03:39:57 : 225950 steps taken, and 32423 accepted.
[mcmc] Progress @ 2026-07-24 03:44:57 : 226635 steps taken, and 32518 accepted.
[mcmc] Progress @ 2026-07-24 03:49:58 : 227251 steps taken, and 32600 accepted.
[mcmc] Learn + convergence test @ 32640 samples accepted.
[mcmc]  - Acceptance rate: 0.129
[mcmc]  - Convergence of means: R-1 = 0.041216 after 26112 accepted steps
[mcmc]  - Updated covariance matrix of proposal pdf.
[mcmc] Progress @ 2026-07-24 03:54:58 : 227876 steps taken, and 32668 accepted.
[mcmc] Progress @ 2026-07-24 03:59:59 : 228494 steps taken, and 32746 accepted.
[mcmc] Progress @ 2026-07-24 04:04:59 : 229159 steps taken, and 32852 accepted.
[mcmc] Progress @ 2026-07-24 04:10:00 : 229730 steps taken, and 32934 accepted.
[mcmc] Learn + convergence test @ 32960 samples accepted.
[mcmc]  - Acceptance rate: 0.129
[mcmc]  - Convergence of means: R-1 = 0.047932 after 26368 accepted steps
[mcmc]  - Updated covariance matrix of proposal pdf.
[mcmc] Progress @ 2026-07-24 04:15:00 : 230335 steps taken, and 33027 accepted.
[mcmc] Progress @ 2026-07-24 04:20:01 : 230926 steps taken, and 33127 accepted.
[mcmc] Progress @ 2026-07-24 04:25:01 : 231588 steps taken, and 33214 accepted.
[mcmc] Learn + convergence test @ 33280 samples accepted.
[mcmc]  - Acceptance rate: 0.130
[mcmc]  - Convergence of means: R-1 = 0.058957 after 26624 accepted steps
[mcmc]  - Updated covariance matrix of proposal pdf.
[mcmc] Progress @ 2026-07-24 04:30:01 : 232158 steps taken, and 33301 accepted.
[mcmc] Progress @ 2026-07-24 04:35:01 : 232823 steps taken, and 33402 accepted.
[mcmc] Progress @ 2026-07-24 04:40:01 : 233418 steps taken, and 33476 accepted.
[mcmc] Progress @ 2026-07-24 04:45:01 : 234103 steps taken, and 33554 accepted.
[mcmc] Progress @ 2026-07-24 04:50:02 : 234721 steps taken, and 33581 accepted.
[mcmc] Learn + convergence test @ 33600 samples accepted.
[mcmc]  - Acceptance rate: 0.129
[mcmc]  - Convergence of means: R-1 = 0.036235 after 26880 accepted steps
[blockedproposer] *ERROR* The given covmat is not a positive-definite, symmetric square matrix.
[mcmc] Progress @ 2026-07-24 04:55:03 : 235348 steps taken, and 33604 accepted.
[mcmc] Progress @ 2026-07-24 05:00:03 : 236049 steps taken, and 33656 accepted.
[mcmc] Progress @ 2026-07-24 05:05:03 : 236659 steps taken, and 33750 accepted.
[mcmc] Progress @ 2026-07-24 05:10:04 : 237296 steps taken, and 33806 accepted.
[mcmc] Progress @ 2026-07-24 05:15:05 : 237894 steps taken, and 33894 accepted.
[mcmc] Learn + convergence test @ 33920 samples accepted.
[mcmc]  - Acceptance rate: 0.129
[mcmc]  - Convergence of means: R-1 = 0.030399 after 27136 accepted steps
[blockedproposer] *ERROR* The given covmat is not a positive-definite, symmetric square matrix.
[mcmc] Progress @ 2026-07-24 05:20:05 : 238463 steps taken, and 33981 accepted.
[mcmc] Progress @ 2026-07-24 05:25:05 : 239074 steps taken, and 34067 accepted.
[mcmc] Progress @ 2026-07-24 05:30:06 : 239697 steps taken, and 34157 accepted.
[mcmc] Learn + convergence test @ 34240 samples accepted.
[mcmc]  - Acceptance rate: 0.129
[mcmc]  - Convergence of means: R-1 = 0.028859 after 27392 accepted steps
[mcmc]  - Updated covariance matrix of proposal pdf.
[mcmc] Progress @ 2026-07-24 05:35:06 : 240257 steps taken, and 34248 accepted.
[mcmc] Progress @ 2026-07-24 05:40:06 : 240917 steps taken, and 34316 accepted.
[mcmc] Progress @ 2026-07-24 05:45:07 : 241553 steps taken, and 34408 accepted.
[mcmc] Progress @ 2026-07-24 05:50:07 : 242292 steps taken, and 34484 accepted.
[mcmc] Learn + convergence test @ 34560 samples accepted.
[mcmc]  - Acceptance rate: 0.129
[mcmc]  - Convergence of means: R-1 = 0.026031 after 27648 accepted steps
[mcmc]  - Updated covariance matrix of proposal pdf.
[mcmc] Progress @ 2026-07-24 05:55:07 : 242925 steps taken, and 34566 accepted.
[mcmc] Progress @ 2026-07-24 06:00:07 : 243561 steps taken, and 34629 accepted.
[mcmc] Progress @ 2026-07-24 06:05:07 : 244175 steps taken, and 34696 accepted.
[mcmc] Progress @ 2026-07-24 06:10:08 : 244813 steps taken, and 34783 accepted.
[mcmc] Progress @ 2026-07-24 06:15:09 : 245388 steps taken, and 34876 accepted.
[mcmc] Learn + convergence test @ 34880 samples accepted.
[mcmc]  - Acceptance rate: 0.129
[mcmc]  - Convergence of means: R-1 = 0.025690 after 27904 accepted steps
[blockedproposer] *ERROR* The given covmat is not a positive-definite, symmetric square matrix.
[mcmc] Progress @ 2026-07-24 06:20:09 : 245998 steps taken, and 34977 accepted.
[mcmc] Progress @ 2026-07-24 06:25:10 : 246572 steps taken, and 35062 accepted.
[mcmc] Progress @ 2026-07-24 06:30:10 : 247154 steps taken, and 35162 accepted.
[mcmc] Learn + convergence test @ 35200 samples accepted.
[mcmc]  - Acceptance rate: 0.129
[mcmc]  - Convergence of means: R-1 = 0.026163 after 28160 accepted steps
[blockedproposer] *ERROR* The given covmat is not a positive-definite, symmetric square matrix.
[mcmc] Progress @ 2026-07-24 06:35:10 : 247783 steps taken, and 35230 accepted.
[mcmc] Progress @ 2026-07-24 06:40:10 : 248353 steps taken, and 35320 accepted.
[mcmc] Progress @ 2026-07-24 06:45:11 : 248976 steps taken, and 35405 accepted.
[mcmc] Progress @ 2026-07-24 06:50:11 : 249653 steps taken, and 35480 accepted.
[mcmc] Learn + convergence test @ 35520 samples accepted.
[mcmc]  - Acceptance rate: 0.129
[mcmc]  - Convergence of means: R-1 = 0.029799 after 28416 accepted steps
[blockedproposer] *ERROR* The given covmat is not a positive-definite, symmetric square matrix.
[mcmc] Progress @ 2026-07-24 06:55:12 : 250237 steps taken, and 35575 accepted.
[mcmc] Progress @ 2026-07-24 07:00:12 : 250790 steps taken, and 35654 accepted.
[mcmc] Progress @ 2026-07-24 07:05:12 : 251412 steps taken, and 35741 accepted.
[mcmc] Progress @ 2026-07-24 07:10:12 : 251995 steps taken, and 35829 accepted.
[mcmc] Learn + convergence test @ 35840 samples accepted.
[mcmc]  - Acceptance rate: 0.129
[mcmc]  - Convergence of means: R-1 = 0.027959 after 28672 accepted steps
[blockedproposer] *ERROR* The given covmat is not a positive-definite, symmetric square matrix.
[mcmc] Progress @ 2026-07-24 07:15:13 : 252601 steps taken, and 35920 accepted.
[mcmc] Progress @ 2026-07-24 07:20:13 : 253355 steps taken, and 36004 accepted.
[mcmc] Progress @ 2026-07-24 07:25:13 : 254008 steps taken, and 36091 accepted.
[mcmc] Learn + convergence test @ 36160 samples accepted.
[mcmc]  - Acceptance rate: 0.129
[mcmc]  - Convergence of means: R-1 = 0.024318 after 28928 accepted steps
[mcmc]  - Updated covariance matrix of proposal pdf.
[mcmc] Progress @ 2026-07-24 07:30:14 : 254618 steps taken, and 36163 accepted.
[mcmc] Progress @ 2026-07-24 07:35:14 : 255177 steps taken, and 36235 accepted.
[mcmc] Progress @ 2026-07-24 07:40:14 : 255783 steps taken, and 36311 accepted.
[mcmc] Progress @ 2026-07-24 07:45:15 : 256444 steps taken, and 36381 accepted.
[mcmc] Progress @ 2026-07-24 07:50:15 : 256999 steps taken, and 36469 accepted.
[mcmc] Learn + convergence test @ 36480 samples accepted.
[mcmc]  - Acceptance rate: 0.129
[mcmc]  - Convergence of means: R-1 = 0.018332 after 29184 accepted steps
[mcmc]  - Updated covariance matrix of proposal pdf.
[mcmc] Progress @ 2026-07-24 07:55:15 : 257653 steps taken, and 36558 accepted.
[mcmc] Progress @ 2026-07-24 08:00:15 : 258237 steps taken, and 36639 accepted.
[mcmc] Progress @ 2026-07-24 08:05:16 : 258792 steps taken, and 36701 accepted.
[mcmc] Progress @ 2026-07-24 08:10:17 : 259382 steps taken, and 36758 accepted.
[mcmc] Learn + convergence test @ 36800 samples accepted.
[mcmc]  - Acceptance rate: 0.129
[mcmc]  - Convergence of means: R-1 = 0.015711 after 29440 accepted steps
[blockedproposer] *ERROR* The given covmat is not a positive-definite, symmetric square matrix.
[mcmc] Progress @ 2026-07-24 08:15:17 : 259939 steps taken, and 36848 accepted.
[mcmc] Progress @ 2026-07-24 08:20:17 : 260522 steps taken, and 36933 accepted.
[mcmc] Progress @ 2026-07-24 08:25:17 : 261089 steps taken, and 37029 accepted.
[mcmc] Progress @ 2026-07-24 08:30:18 : 261770 steps taken, and 37106 accepted.
[mcmc] Learn + convergence test @ 37120 samples accepted.
[mcmc]  - Acceptance rate: 0.129
[mcmc]  - Convergence of means: R-1 = 0.013367 after 29696 accepted steps
[blockedproposer] *ERROR* The given covmat is not a positive-definite, symmetric square matrix.
[mcmc] Progress @ 2026-07-24 08:35:18 : 262369 steps taken, and 37188 accepted.
[mcmc] Progress @ 2026-07-24 08:40:19 : 262938 steps taken, and 37274 accepted.
[mcmc] Progress @ 2026-07-24 08:45:19 : 263559 steps taken, and 37350 accepted.
[mcmc] Progress @ 2026-07-24 08:50:19 : 264187 steps taken, and 37436 accepted.
[mcmc] Learn + convergence test @ 37440 samples accepted.
[mcmc]  - Acceptance rate: 0.129
[mcmc]  - Convergence of means: R-1 = 0.015308 after 29952 accepted steps
[mcmc]  - Updated covariance matrix of proposal pdf.
[mcmc] Progress @ 2026-07-24 08:55:19 : 264751 steps taken, and 37525 accepted.
[mcmc] Progress @ 2026-07-24 09:00:20 : 265408 steps taken, and 37608 accepted.
[mcmc] Progress @ 2026-07-24 09:05:20 : 266135 steps taken, and 37686 accepted.
[mcmc] Learn + convergence test @ 37760 samples accepted.
[mcmc]  - Acceptance rate: 0.129
[mcmc]  - Convergence of means: R-1 = 0.014185 after 30208 accepted steps
[blockedproposer] *ERROR* The given covmat is not a positive-definite, symmetric square matrix.
[mcmc] Progress @ 2026-07-24 09:10:21 : 266722 steps taken, and 37771 accepted.
[mcmc] Progress @ 2026-07-24 09:15:21 : 267325 steps taken, and 37856 accepted.
[mcmc] Progress @ 2026-07-24 09:20:22 : 267881 steps taken, and 37951 accepted.
[mcmc] Progress @ 2026-07-24 09:25:23 : 268487 steps taken, and 38038 accepted.
[mcmc] Learn + convergence test @ 38080 samples accepted.
[mcmc]  - Acceptance rate: 0.129
[mcmc]  - Convergence of means: R-1 = 0.015148 after 30464 accepted steps
[blockedproposer] *ERROR* The given covmat is not a positive-definite, symmetric square matrix.
[mcmc] Progress @ 2026-07-24 09:30:23 : 269158 steps taken, and 38124 accepted.
